
> cms-frontend@0.1.0 dev
> vite


  VITE v6.4.3  ready in 404 ms

  ➜  Local:   http://localhost:3000/
  ➜  Network: use --host to expose
3:23:50 PM [vite] (client) ✨ new dependencies optimized: react-dom/client, react-router-dom, @mui/material, @tanstack/react-query, @mui/material/styles, @mui/material/Box, @mui/material/Button, @mui/icons-material/ArrowBack, @mui/icons-material/Add, @mui/material/Card, @mui/material/CardContent, @mui/material/Chip, @mui/material/List, @mui/material/ListItem, @mui/material/ListItemText, @mui/material/Table, @mui/material/TableBody, @mui/material/TableCell, @mui/material/TableHead, @mui/material/TableRow, @mui/material/Typography, @mui/material/Alert, @mui/icons-material/Circle, @mui/material/CardActions, @mui/material/Stack, @mui/icons-material/BarChart, @mui/icons-material/WarningAmber, @mui/icons-material/Menu, @mui/icons-material/Notifications, @mui/icons-material/Warning, @mui/material/TableContainer, @mui/material/Paper, @mui/x-data-grid, @mui/icons-material, @mui/icons-material/Assignment, @mui/icons-material/TrendingUp, @mui/icons-material/AccessTime, @mui/icons-material/ArrowUpward, @mui/icons-material/ArrowDownward, date-fns, @mui/icons-material/Dashboard, @mui/icons-material/Settings, axios, recharts
3:23:50 PM [vite] (client) ✨ optimized dependencies changed. reloading
3:25:43 PM [vite] (client) page reload src/components/analytics/AnalyticsDashboard.tsx.tmp.16876.1c70cf0edf28
3:25:43 PM [vite] (client) hmr update /src/pages/AnalyticsPage.tsx
3:25:44 PM [vite] (client) hmr update /src/App.tsx, /src/components/analytics/AnalyticsDashboard.tsx
3:25:44 PM [vite] (client) hmr update /src/components/analytics/AnalyticsDashboard.tsx
3:25:45 PM [vite] (client) hmr update /src/App.tsx
3:25:46 PM [vite] (client) hmr update /src/App.tsx
3:25:46 PM [vite] (client) hmr update /src/App.tsx
3:25:47 PM [vite] (client) ✨ new dependencies optimized: @mui/material/Grid
3:25:47 PM [vite] (client) ✨ optimized dependencies changed. reloading
3:25:47 PM [vite] (client) hmr update /src/App.tsx
3:27:32 PM [vite] (client) hmr update /src/pages/DashboardPage.tsx
3:28:44 PM [vite] (client) hmr update /src/pages/DashboardPage.tsx
3:29:47 PM [vite] changed tsconfig file detected: C:/Project/consent-management-system/frontend/tsconfig.node.json - Clearing cache and forcing full-reload to ensure TypeScript is compiled with updated config values.
3:30:22 PM [vite] changed tsconfig file detected: C:/Project/consent-management-system/frontend/tsconfig.node.json - Clearing cache and forcing full-reload to ensure TypeScript is compiled with updated config values.
3:30:57 PM [vite] (client) hmr update /src/components/incidents/IncidentList.tsx, /src/components/consents/ConsentTable.tsx, /src/components/consents/ConsentDetail.tsx, /src/components/analytics/KPICards.tsx, /src/pages/DashboardPage.tsx
3:33:48 PM [vite] (client) hmr update /src/components/consents/ConsentForm.tsx, /src/components/incidents/IncidentList.tsx, /src/components/consents/ConsentFilters.tsx, /src/components/analytics/StatusBreakdown.tsx
3:35:47 PM [vite] (client) hmr update /src/components/consents/ConsentForm.tsx, /src/components/incidents/IncidentList.tsx, /src/components/consents/ConsentFilters.tsx, /src/components/analytics/StatusBreakdown.tsx
3:35:48 PM [vite] (client) hmr update /src/components/consents/ConsentForm.tsx, /src/components/incidents/IncidentList.tsx, /src/components/consents/ConsentFilters.tsx, /src/components/analytics/StatusBreakdown.tsx
3:39:06 PM [vite] (client) hmr update /src/components/analytics/AnalyticsDashboard.tsx
3:39:07 PM [vite] (client) hmr update /src/components/incidents/IncidentList.tsx
3:39:08 PM [vite] (client) hmr update /src/pages/AnalyticsPage.tsx
3:39:09 PM [vite] (client) hmr update /src/pages/IncidentsPage.tsx
3:39:37 PM [vite] (client) hmr update /src/pages/DashboardPage.tsx
3:39:48 PM [vite] (client) hmr update /src/pages/DashboardPage.tsx
3:39:55 PM [vite] (client) hmr update /src/pages/IncidentsPage.tsx
3:40:07 PM [vite] (client) hmr update /src/pages/IncidentsPage.tsx
3:40:38 PM [vite] (client) hmr update /src/pages/SettingsPage.tsx
3:40:45 PM [vite] (client) hmr update /src/pages/SettingsPage.tsx
3:40:52 PM [vite] (client) hmr update /src/pages/ConsentDetailPage.tsx
3:40:53 PM [vite] (client) hmr update /src/pages/ConsentDetailPage.tsx
3:41:31 PM [vite] (client) hmr update /src/components/incidents/IncidentBanner.tsx
3:41:32 PM [vite] (client) hmr update /src/pages/ConsentsPage.tsx
3:41:34 PM [vite] (client) hmr update /src/pages/ConsentsPage.tsx
3:43:43 PM [vite] vite.config.ts changed, restarting server...
3:43:43 PM [vite] server restarted.
